Archive member included to satisfy reference by file (symbol)

/home/michalmo/st/stm32cubeclt_1.16.0/GNU-tools-for-STM32/bin/../lib/gcc/arm-none-eabi/12.3.1/../../../../arm-none-eabi/lib/thumb/v7e-m+fp/hard/libc_nano.a(libc_a-exit.o)
                              /home/michalmo/st/stm32cubeclt_1.16.0/GNU-tools-for-STM32/bin/../lib/gcc/arm-none-eabi/12.3.1/../../../../arm-none-eabi/lib/thumb/v7e-m+fp/hard/crt0.o (exit)
/home/michalmo/st/stm32cubeclt_1.16.0/GNU-tools-for-STM32/bin/../lib/gcc/arm-none-eabi/12.3.1/../../../../arm-none-eabi/lib/thumb/v7e-m+fp/hard/libc_nano.a(libc_a-findfp.o)
                              /home/michalmo/st/stm32cubeclt_1.16.0/GNU-tools-for-STM32/bin/../lib/gcc/arm-none-eabi/12.3.1/../../../../arm-none-eabi/lib/thumb/v7e-m+fp/hard/libc_nano.a(libc_a-exit.o) (__stdio_exit_handler)
/home/michalmo/st/stm32cubeclt_1.16.0/GNU-tools-for-STM32/bin/../lib/gcc/arm-none-eabi/12.3.1/../../../../arm-none-eabi/lib/thumb/v7e-m+fp/hard/libc_nano.a(libc_a-fwalk.o)
                              /home/michalmo/st/stm32cubeclt_1.16.0/GNU-tools-for-STM32/bin/../lib/gcc/arm-none-eabi/12.3.1/../../../../arm-none-eabi/lib/thumb/v7e-m+fp/hard/libc_nano.a(libc_a-findfp.o) (_fwalk_sglue)
/home/michalmo/st/stm32cubeclt_1.16.0/GNU-tools-for-STM32/bin/../lib/gcc/arm-none-eabi/12.3.1/../../../../arm-none-eabi/lib/thumb/v7e-m+fp/hard/libc_nano.a(libc_a-stdio.o)
                              /home/michalmo/st/stm32cubeclt_1.16.0/GNU-tools-for-STM32/bin/../lib/gcc/arm-none-eabi/12.3.1/../../../../arm-none-eabi/lib/thumb/v7e-m+fp/hard/libc_nano.a(libc_a-findfp.o) (__sread)
/home/michalmo/st/stm32cubeclt_1.16.0/GNU-tools-for-STM32/bin/../lib/gcc/arm-none-eabi/12.3.1/../../../../arm-none-eabi/lib/thumb/v7e-m+fp/hard/libc_nano.a(libc_a-memset.o)
                              /home/michalmo/st/stm32cubeclt_1.16.0/GNU-tools-for-STM32/bin/../lib/gcc/arm-none-eabi/12.3.1/../../../../arm-none-eabi/lib/thumb/v7e-m+fp/hard/crt0.o (memset)
/home/michalmo/st/stm32cubeclt_1.16.0/GNU-tools-for-STM32/bin/../lib/gcc/arm-none-eabi/12.3.1/../../../../arm-none-eabi/lib/thumb/v7e-m+fp/hard/libc_nano.a(libc_a-closer.o)
                              /home/michalmo/st/stm32cubeclt_1.16.0/GNU-tools-for-STM32/bin/../lib/gcc/arm-none-eabi/12.3.1/../../../../arm-none-eabi/lib/thumb/v7e-m+fp/hard/libc_nano.a(libc_a-stdio.o) (_close_r)
/home/michalmo/st/stm32cubeclt_1.16.0/GNU-tools-for-STM32/bin/../lib/gcc/arm-none-eabi/12.3.1/../../../../arm-none-eabi/lib/thumb/v7e-m+fp/hard/libc_nano.a(libc_a-reent.o)
                              /home/michalmo/st/stm32cubeclt_1.16.0/GNU-tools-for-STM32/bin/../lib/gcc/arm-none-eabi/12.3.1/../../../../arm-none-eabi/lib/thumb/v7e-m+fp/hard/libc_nano.a(libc_a-closer.o) (errno)
/home/michalmo/st/stm32cubeclt_1.16.0/GNU-tools-for-STM32/bin/../lib/gcc/arm-none-eabi/12.3.1/../../../../arm-none-eabi/lib/thumb/v7e-m+fp/hard/libc_nano.a(libc_a-impure.o)
                              /home/michalmo/st/stm32cubeclt_1.16.0/GNU-tools-for-STM32/bin/../lib/gcc/arm-none-eabi/12.3.1/../../../../arm-none-eabi/lib/thumb/v7e-m+fp/hard/libc_nano.a(libc_a-reent.o) (_impure_ptr)
/home/michalmo/st/stm32cubeclt_1.16.0/GNU-tools-for-STM32/bin/../lib/gcc/arm-none-eabi/12.3.1/../../../../arm-none-eabi/lib/thumb/v7e-m+fp/hard/libc_nano.a(libc_a-lseekr.o)
                              /home/michalmo/st/stm32cubeclt_1.16.0/GNU-tools-for-STM32/bin/../lib/gcc/arm-none-eabi/12.3.1/../../../../arm-none-eabi/lib/thumb/v7e-m+fp/hard/libc_nano.a(libc_a-stdio.o) (_lseek_r)
/home/michalmo/st/stm32cubeclt_1.16.0/GNU-tools-for-STM32/bin/../lib/gcc/arm-none-eabi/12.3.1/../../../../arm-none-eabi/lib/thumb/v7e-m+fp/hard/libc_nano.a(libc_a-readr.o)
                              /home/michalmo/st/stm32cubeclt_1.16.0/GNU-tools-for-STM32/bin/../lib/gcc/arm-none-eabi/12.3.1/../../../../arm-none-eabi/lib/thumb/v7e-m+fp/hard/libc_nano.a(libc_a-stdio.o) (_read_r)
/home/michalmo/st/stm32cubeclt_1.16.0/GNU-tools-for-STM32/bin/../lib/gcc/arm-none-eabi/12.3.1/../../../../arm-none-eabi/lib/thumb/v7e-m+fp/hard/libc_nano.a(libc_a-writer.o)
                              /home/michalmo/st/stm32cubeclt_1.16.0/GNU-tools-for-STM32/bin/../lib/gcc/arm-none-eabi/12.3.1/../../../../arm-none-eabi/lib/thumb/v7e-m+fp/hard/libc_nano.a(libc_a-stdio.o) (_write_r)
/home/michalmo/st/stm32cubeclt_1.16.0/GNU-tools-for-STM32/bin/../lib/gcc/arm-none-eabi/12.3.1/../../../../arm-none-eabi/lib/thumb/v7e-m+fp/hard/libc_nano.a(libc_a-init.o)
                              /home/michalmo/st/stm32cubeclt_1.16.0/GNU-tools-for-STM32/bin/../lib/gcc/arm-none-eabi/12.3.1/../../../../arm-none-eabi/lib/thumb/v7e-m+fp/hard/crt0.o (__libc_init_array)
/home/michalmo/st/stm32cubeclt_1.16.0/GNU-tools-for-STM32/bin/../lib/gcc/arm-none-eabi/12.3.1/../../../../arm-none-eabi/lib/thumb/v7e-m+fp/hard/libc_nano.a(libc_a-lock.o)
[...]
Memory Configuration

Name             Origin             Length             Attributes
RAM              0x20000000         0x00018000         xrw
RAM2             0x10000000         0x00008000         xrw
FLASH            0x08000000         0x00100000         xr
*default*        0x00000000         0xffffffff

Linker script and memory map

LOAD /home/michalmo/st/stm32cubeclt_1.16.0/GNU-tools-for-STM32/bin/../lib/gcc/arm-none-eabi/12.3.1/thumb/v7e-m+fp/hard/crti.o
LOAD /home/michalmo/st/stm32cubeclt_1.16.0/GNU-tools-for-STM32/bin/../lib/gcc/arm-none-eabi/12.3.1/thumb/v7e-m+fp/hard/crtbegin.o
LOAD /home/michalmo/st/stm32cubeclt_1.16.0/GNU-tools-for-STM32/bin/../lib/gcc/arm-none-eabi/12.3.1/../../../../arm-none-eabi/lib/thumb/v7e-m+fp/hard/crt0.o
START GROUP
LOAD /home/michalmo/st/stm32cubeclt_1.16.0/GNU-tools-for-STM32/bin/../lib/gcc/arm-none-eabi/12.3.1/../../../../arm-none-eabi/lib/thumb/v7e-m+fp/hard/libc_nano.a
LOAD /home/michalmo/st/stm32cubeclt_1.16.0/GNU-tools-for-STM32/bin/../lib/gcc/arm-none-eabi/12.3.1/../../../../arm-none-eabi/lib/thumb/v7e-m+fp/hard/libm.a
END GROUP
LOAD CMakeFiles/aosyw_eval.dir/Core/Src/main.c.obj
LOAD CMakeFiles/aosyw_eval.dir/Core/Src/stm32l4xx_it.c.obj
LOAD CMakeFiles/aosyw_eval.dir/Core/Src/stm32l4xx_hal_msp.c.obj
LOAD CMakeFiles/aosyw_eval.dir/Drivers/STM32L4xx_HAL_Driver/Src/stm32l4xx_hal_tim.c.obj
LOAD CMakeFiles/aosyw_eval.dir/Drivers/STM32L4xx_HAL_Driver/Src/stm32l4xx_hal_tim_ex.c.obj
LOAD CMakeFiles/aosyw_eval.dir/Drivers/STM32L4xx_HAL_Driver/Src/stm32l4xx_hal_uart.c.obj
LOAD CMakeFiles/aosyw_eval.dir/Drivers/STM32L4xx_HAL_Driver/Src/stm32l4xx_hal_uart_ex.c.obj
LOAD CMakeFiles/aosyw_eval.dir/Drivers/STM32L4xx_HAL_Driver/Src/stm32l4xx_hal.c.obj
LOAD CMakeFiles/aosyw_eval.dir/Drivers/STM32L4xx_HAL_Driver/Src/stm32l4xx_hal_rcc.c.obj
LOAD CMakeFiles/aosyw_eval.dir/Drivers/STM32L4xx_HAL_Driver/Src/stm32l4xx_hal_rcc_ex.c.obj
LOAD CMakeFiles/aosyw_eval.dir/Drivers/STM32L4xx_HAL_Driver/Src/stm32l4xx_hal_flash.c.obj
LOAD CMakeFiles/aosyw_eval.dir/Drivers/STM32L4xx_HAL_Driver/Src/stm32l4xx_hal_flash_ex.c.obj
LOAD CMakeFiles/aosyw_eval.dir/Drivers/STM32L4xx_HAL_Driver/Src/stm32l4xx_hal_flash_ramfunc.c.obj
LOAD CMakeFiles/aosyw_eval.dir/Drivers/STM32L4xx_HAL_Driver/Src/stm32l4xx_hal_gpio.c.obj
LOAD CMakeFiles/aosyw_eval.dir/Drivers/STM32L4xx_HAL_Driver/Src/stm32l4xx_hal_i2c.c.obj
LOAD CMakeFiles/aosyw_eval.dir/Drivers/STM32L4xx_HAL_Driver/Src/stm32l4xx_hal_i2c_ex.c.obj
LOAD CMakeFiles/aosyw_eval.dir/Drivers/STM32L4xx_HAL_Driver/Src/stm32l4xx_hal_dma.c.obj
LOAD CMakeFiles/aosyw_eval.dir/Drivers/STM32L4xx_HAL_Driver/Src/stm32l4xx_hal_dma_ex.c.obj
LOAD CMakeFiles/aosyw_eval.dir/Drivers/STM32L4xx_HAL_Driver/Src/stm32l4xx_hal_pwr.c.obj
LOAD CMakeFiles/aosyw_eval.dir/Drivers/STM32L4xx_HAL_Driver/Src/stm32l4xx_hal_pwr_ex.c.obj
LOAD CMakeFiles/aosyw_eval.dir/Drivers/STM32L4xx_HAL_Driver/Src/stm32l4xx_hal_cortex.c.obj
LOAD CMakeFiles/aosyw_eval.dir/Drivers/STM32L4xx_HAL_Driver/Src/stm32l4xx_hal_exti.c.obj
LOAD CMakeFiles/aosyw_eval.dir/Core/Src/system_stm32l4xx.c.obj
LOAD CMakeFiles/aosyw_eval.dir/Core/Src/sysmem.c.obj
LOAD CMakeFiles/aosyw_eval.dir/Core/Src/syscalls.c.obj
LOAD CMakeFiles/aosyw_eval.dir/startup_stm32l476xx.s.obj
START GROUP
LOAD /home/michalmo/st/stm32cubeclt_1.16.0/GNU-tools-for-STM32/bin/../lib/gcc/arm-none-eabi/12.3.1/thumb/v7e-m+fp/hard/libgcc.a
LOAD /home/michalmo/st/stm32cubeclt_1.16.0/GNU-tools-for-STM32/bin/../lib/gcc/arm-none-eabi/12.3.1/../../../../arm-none-eabi/lib/thumb/v7e-m+fp/hard/libg_nano.a
LOAD /home/michalmo/st/stm32cubeclt_1.16.0/GNU-tools-for-STM32/bin/../lib/gcc/arm-none-eabi/12.3.1/../../../../arm-none-eabi/lib/thumb/v7e-m+fp/hard/libc_nano.a
END GROUP
START GROUP
LOAD /home/michalmo/st/stm32cubeclt_1.16.0/GNU-tools-for-STM32/bin/../lib/gcc/arm-none-eabi/12.3.1/thumb/v7e-m+fp/hard/libgcc.a
LOAD /home/michalmo/st/stm32cubeclt_1.16.0/GNU-tools-for-STM32/bin/../lib/gcc/arm-none-eabi/12.3.1/../../../../arm-none-eabi/lib/thumb/v7e-m+fp/hard/libc_nano.a
END GROUP
LOAD /home/michalmo/st/stm32cubeclt_1.16.0/GNU-tools-for-STM32/bin/../lib/gcc/arm-none-eabi/12.3.1/thumb/v7e-m+fp/hard/crtend.o
LOAD /home/michalmo/st/stm32cubeclt_1.16.0/GNU-tools-for-STM32/bin/../lib/gcc/arm-none-eabi/12.3.1/thumb/v7e-m+fp/hard/crtn.o
                0x20018000                        _estack = (ORIGIN (RAM) + LENGTH (RAM))
                0x00000200                        _Min_Heap_Size = 0x200
                0x00000400                        _Min_Stack_Size = 0x400

.isr_vector     0x08000000      0x188
                0x08000000                        . = ALIGN (0x8)
 *(.isr_vector)
 .isr_vector    0x08000000      0x188 CMakeFiles/aosyw_eval.dir/startup_stm32l476xx.s.obj
                0x08000000                g_pfnVectors
                0x08000188                        . = ALIGN (0x8)

.text           0x08000188     0x2e38
                0x08000188                        . = ALIGN (0x8)
 *(.text)
 .text          0x08000188       0x40 /home/michalmo/st/stm32cubeclt_1.16.0/GNU-tools-for-STM32/bin/../lib/gcc/arm-none-eabi/12.3.1/thumb/v7e-m+fp/hard/crtbegin.o
 .text          0x080001c8       0x30 /home/michalmo/st/stm32cubeclt_1.16.0/GNU-tools-for-STM32/bin/../lib/gcc/arm-none-eabi/12.3.1/thumb/v7e-m+fp/hard/libgcc.a(_aeabi_uldivmod.o)
                0x080001c8                __aeabi_uldivmod
 .text          0x080001f8      0x2bc /home/michalmo/st/stm32cubeclt_1.16.0/GNU-tools-for-STM32/bin/../lib/gcc/arm-none-eabi/12.3.1/thumb/v7e-m+fp/hard/libgcc.a(_udivmoddi4.o)
                0x080001f8                __udivmoddi4
 .text          0x080004b4        0x4 /home/michalmo/st/stm32cubeclt_1.16.0/GNU-tools-for-STM32/bin/../lib/gcc/arm-none-eabi/12.3.1/thumb/v7e-m+fp/hard/libgcc.a(_dvmd_tls.o)
                0x080004b4                __aeabi_ldiv0
                0x080004b4                __aeabi_idiv0
 *(.text*)
 .text.memset   0x080004b8       0x10 /home/michalmo/st/stm32cubeclt_1.16.0/GNU-tools-for-STM32/bin/../lib/gcc/arm-none-eabi/12.3.1/../../../../arm-none-eabi/lib/thumb/v7e-m+fp/hard/libc_nano.a(libc_a-memset.o)
                0x080004b8                memset
 .text.__libc_init_array
                0x080004c8       0x48 /home/michalmo/st/stm32cubeclt_1.16.0/GNU-tools-for-STM32/bin/../lib/gcc/arm-none-eabi/12.3.1/../../../../arm-none-eabi/lib/thumb/v7e-m+fp/hard/libc_nano.a(libc_a-init.o)
                0x080004c8                __libc_init_array
 .text.main     0x08000510       0x18 CMakeFiles/aosyw_eval.dir/Core/Src/main.c.obj
                0x08000510                main
 .text.SystemClock_Config
                0x08000528       0xa2 CMakeFiles/aosyw_eval.dir/Core/Src/main.c.obj
                0x08000528                SystemClock_Config
 *fill*         0x080005ca        0x2 
 .text.MX_USART2_UART_Init
                0x080005cc       0x60 CMakeFiles/aosyw_eval.dir/Core/Src/main.c.obj
 .text.MX_GPIO_Init
                0x0800062c       0xcc CMakeFiles/aosyw_eval.dir/Core/Src/main.c.obj
 .text.Error_Handler
                0x080006f8        0xc CMakeFiles/aosyw_eval.dir/Core/Src/main.c.obj
                0x080006f8                Error_Handler
 .text.NMI_Handler
                0x08000704        0x8 CMakeFiles/aosyw_eval.dir/Core/Src/stm32l4xx_it.c.obj
                0x08000704                NMI_Handler
 .text.HardFault_Handler
                0x0800070c        0x8 CMakeFiles/aosyw_eval.dir/Core/Src/stm32l4xx_it.c.obj
                0x0800070c                HardFault_Handler
 .text.MemManage_Handler
                0x08000714        0x8 CMakeFiles/aosyw_eval.dir/Core/Src/stm32l4xx_it.c.obj
                0x08000714                MemManage_Handler
 .text.BusFault_Handler
                0x0800071c        0x8 CMakeFiles/aosyw_eval.dir/Core/Src/stm32l4xx_it.c.obj
                0x0800071c                BusFault_Handler
 .text.UsageFault_Handler
                0x08000724        0x8 CMakeFiles/aosyw_eval.dir/Core/Src/stm32l4xx_it.c.obj
                0x08000724                UsageFault_Handler
 .text.SVC_Handler
                0x0800072c        0xe CMakeFiles/aosyw_eval.dir/Core/Src/stm32l4xx_it.c.obj
                0x0800072c                SVC_Handler
 .text.DebugMon_Handler
                0x0800073a        0xe CMakeFiles/aosyw_eval.dir/Core/Src/stm32l4xx_it.c.obj
                0x0800073a                DebugMon_Handler
 .text.PendSV_Handler
                0x08000748        0xe CMakeFiles/aosyw_eval.dir/Core/Src/stm32l4xx_it.c.obj
                0x08000748                PendSV_Handler
 .text.SysTick_Handler
                0x08000756        0xc CMakeFiles/aosyw_eval.dir/Core/Src/stm32l4xx_it.c.obj
                0x08000756                SysTick_Handler
 *fill*         0x08000762        0x2 
 .text.HAL_MspInit
                0x08000764       0x48 CMakeFiles/aosyw_eval.dir/Core/Src/stm32l4xx_hal_msp.c.obj
                0x08000764                HAL_MspInit
 .text.HAL_UART_MspInit
                0x080007ac       0xb8 CMakeFiles/aosyw_eval.dir/Core/Src/stm32l4xx_hal_msp.c.obj
                0x080007ac                HAL_UART_MspInit
 .text.HAL_UART_Init
                0x08000864       0x9c CMakeFiles/aosyw_eval.dir/Drivers/STM32L4xx_HAL_Driver/Src/stm32l4xx_hal_uart.c.obj
                0x08000864                HAL_UART_Init
 .text.UART_SetConfig
                0x08000900      0x570 CMakeFiles/aosyw_eval.dir/Drivers/STM32L4xx_HAL_Driver/Src/stm32l4xx_hal_uart.c.obj
                0x08000900                UART_SetConfig
 .text.UART_AdvFeatureConfig
                0x08000e70      0x144 CMakeFiles/aosyw_eval.dir/Drivers/STM32L4xx_HAL_Driver/Src/stm32l4xx_hal_uart.c.obj
                0x08000e70                UART_AdvFeatureConfig
 .text.UART_CheckIdleState
                0x08000fb4      0x150 CMakeFiles/aosyw_eval.dir/Drivers/STM32L4xx_HAL_Driver/Src/stm32l4xx_hal_uart.c.obj
                0x08000fb4                UART_CheckIdleState
 .text.UART_WaitOnFlagUntilTimeout
                0x08001104       0xda CMakeFiles/aosyw_eval.dir/Drivers/STM32L4xx_HAL_Driver/Src/stm32l4xx_hal_uart.c.obj
                0x08001104                UART_WaitOnFlagUntilTimeout
 .text.UART_EndRxTransfer
                0x080011de       0xc8 CMakeFiles/aosyw_eval.dir/Drivers/STM32L4xx_HAL_Driver/Src/stm32l4xx_hal_uart.c.obj
 *fill*         0x080012a6        0x2 
 .text.HAL_Init
                0x080012a8       0x40 CMakeFiles/aosyw_eval.dir/Drivers/STM32L4xx_HAL_Driver/Src/stm32l4xx_hal.c.obj
                0x080012a8                HAL_Init
 .text.HAL_InitTick
                0x080012e8       0x78 CMakeFiles/aosyw_eval.dir/Drivers/STM32L4xx_HAL_Driver/Src/stm32l4xx_hal.c.obj
                0x080012e8                HAL_InitTick
 .text.HAL_IncTick
                0x08001360       0x28 CMakeFiles/aosyw_eval.dir/Drivers/STM32L4xx_HAL_Driver/Src/stm32l4xx_hal.c.obj
                0x08001360                HAL_IncTick
 .text.HAL_GetTick
                0x08001388       0x18 CMakeFiles/aosyw_eval.dir/Drivers/STM32L4xx_HAL_Driver/Src/stm32l4xx_hal.c.obj
                0x08001388                HAL_GetTick
 .text.HAL_RCC_OscConfig
                0x080013a0      0x7b8 CMakeFiles/aosyw_eval.dir/Drivers/STM32L4xx_HAL_Driver/Src/stm32l4xx_hal_rcc.c.obj
                0x080013a0                HAL_RCC_OscConfig
 .text.HAL_RCC_ClockConfig
                0x08001b58      0x200 CMakeFiles/aosyw_eval.dir/Drivers/STM32L4xx_HAL_Driver/Src/stm32l4xx_hal_rcc.c.obj
                0x08001b58                HAL_RCC_ClockConfig
 .text.HAL_RCC_GetSysClockFreq
                0x08001d58      0x118 CMakeFiles/aosyw_eval.dir/Drivers/STM32L4xx_HAL_Driver/Src/stm32l4xx_hal_rcc.c.obj
                0x08001d58                HAL_RCC_GetSysClockFreq
 .text.HAL_RCC_GetHCLKFreq
                0x08001e70       0x18 CMakeFiles/aosyw_eval.dir/Drivers/STM32L4xx_HAL_Driver/Src/stm32l4xx_hal_rcc.c.obj
                0x08001e70                HAL_RCC_GetHCLKFreq
 .text.HAL_RCC_GetPCLK1Freq
                0x08001e88       0x2c CMakeFiles/aosyw_eval.dir/Drivers/STM32L4xx_HAL_Driver/Src/stm32l4xx_hal_rcc.c.obj
                0x08001e88                HAL_RCC_GetPCLK1Freq
 .text.HAL_RCC_GetPCLK2Freq
                0x08001eb4       0x2c CMakeFiles/aosyw_eval.dir/Drivers/STM32L4xx_HAL_Driver/Src/stm32l4xx_hal_rcc.c.obj
                0x08001eb4                HAL_RCC_GetPCLK2Freq
 .text.RCC_SetFlashLatencyFromMSIRange
                0x08001ee0       0xc0 CMakeFiles/aosyw_eval.dir/Drivers/STM32L4xx_HAL_Driver/Src/stm32l4xx_hal_rcc.c.obj
 .text.HAL_RCCEx_PeriphCLKConfig
                0x08001fa0      0x5d4 CMakeFiles/aosyw_eval.dir/Drivers/STM32L4xx_HAL_Driver/Src/stm32l4xx_hal_rcc_ex.c.obj
                0x08001fa0                HAL_RCCEx_PeriphCLKConfig
 .text.RCCEx_PLLSAI1_Config
                0x08002574      0x1e8 CMakeFiles/aosyw_eval.dir/Drivers/STM32L4xx_HAL_Driver/Src/stm32l4xx_hal_rcc_ex.c.obj
 .text.RCCEx_PLLSAI2_Config
                0x0800275c      0x1bc CMakeFiles/aosyw_eval.dir/Drivers/STM32L4xx_HAL_Driver/Src/stm32l4xx_hal_rcc_ex.c.obj
 .text.HAL_GPIO_Init
                0x08002918      0x354 CMakeFiles/aosyw_eval.dir/Drivers/STM32L4xx_HAL_Driver/Src/stm32l4xx_hal_gpio.c.obj
                0x08002918                HAL_GPIO_Init
 .text.HAL_GPIO_WritePin
                0x08002c6c       0x30 CMakeFiles/aosyw_eval.dir/Drivers/STM32L4xx_HAL_Driver/Src/stm32l4xx_hal_gpio.c.obj
                0x08002c6c                HAL_GPIO_WritePin
 .text.HAL_PWREx_GetVoltageRange
                0x08002c9c       0x1c CMakeFiles/aosyw_eval.dir/Drivers/STM32L4xx_HAL_Driver/Src/stm32l4xx_hal_pwr_ex.c.obj
                0x08002c9c                HAL_PWREx_GetVoltageRange
 .text.HAL_PWREx_ControlVoltageScaling
                0x08002cb8       0xac CMakeFiles/aosyw_eval.dir/Drivers/STM32L4xx_HAL_Driver/Src/stm32l4xx_hal_pwr_ex.c.obj
                0x08002cb8                HAL_PWREx_ControlVoltageScaling
 .text.__NVIC_SetPriorityGrouping
                0x08002d64       0x48 CMakeFiles/aosyw_eval.dir/Drivers/STM32L4xx_HAL_Driver/Src/stm32l4xx_hal_cortex.c.obj
 .text.__NVIC_GetPriorityGrouping
                0x08002dac       0x1c CMakeFiles/aosyw_eval.dir/Drivers/STM32L4xx_HAL_Driver/Src/stm32l4xx_hal_cortex.c.obj
 .text.__NVIC_SetPriority
                0x08002dc8       0x54 CMakeFiles/aosyw_eval.dir/Drivers/STM32L4xx_HAL_Driver/Src/stm32l4xx_hal_cortex.c.obj
 .text.NVIC_EncodePriority
                0x08002e1c       0x66 CMakeFiles/aosyw_eval.dir/Drivers/STM32L4xx_HAL_Driver/Src/stm32l4xx_hal_cortex.c.obj
 *fill*         0x08002e82        0x2 
 .text.SysTick_Config
                0x08002e84       0x44 CMakeFiles/aosyw_eval.dir/Drivers/STM32L4xx_HAL_Driver/Src/stm32l4xx_hal_cortex.c.obj
 .text.HAL_NVIC_SetPriorityGrouping
                0x08002ec8       0x16 CMakeFiles/aosyw_eval.dir/Drivers/STM32L4xx_HAL_Driver/Src/stm32l4xx_hal_cortex.c.obj
                0x08002ec8                HAL_NVIC_SetPriorityGrouping
 .text.HAL_NVIC_SetPriority
                0x08002ede       0x38 CMakeFiles/aosyw_eval.dir/Drivers/STM32L4xx_HAL_Driver/Src/stm32l4xx_hal_cortex.c.obj
                0x08002ede                HAL_NVIC_SetPriority
 .text.HAL_SYSTICK_Config
                0x08002f16       0x18 CMakeFiles/aosyw_eval.dir/Drivers/STM32L4xx_HAL_Driver/Src/stm32l4xx_hal_cortex.c.obj
                0x08002f16                HAL_SYSTICK_Config
 *fill*         0x08002f2e        0x2 
 .text.SystemInit
                0x08002f30       0x24 CMakeFiles/aosyw_eval.dir/Core/Src/system_stm32l4xx.c.obj
                0x08002f30                SystemInit
 .text.Reset_Handler
                0x08002f54       0x50 CMakeFiles/aosyw_eval.dir/startup_stm32l476xx.s.obj
                0x08002f54                Reset_Handler
 .text.Default_Handler
                0x08002fa4        0x2 CMakeFiles/aosyw_eval.dir/startup_stm32l476xx.s.obj
                0x08002fa4                RTC_Alarm_IRQHandler
                0x08002fa4                EXTI2_IRQHandler
                0x08002fa4                TIM8_TRG_COM_IRQHandler
                0x08002fa4                TIM8_CC_IRQHandler
                0x08002fa4                TIM1_CC_IRQHandler
                0x08002fa4                TSC_IRQHandler
                0x08002fa4                TAMP_STAMP_IRQHandler
                0x08002fa4                EXTI3_IRQHandler
                0x08002fa4                LPTIM2_IRQHandler
                0x08002fa4                DFSDM1_FLT1_IRQHandler
                0x08002fa4                I2C3_ER_IRQHandler
                0x08002fa4                DFSDM1_FLT2_IRQHandler
                0x08002fa4                EXTI0_IRQHandler
                0x08002fa4                I2C2_EV_IRQHandler
                0x08002fa4                CAN1_RX0_IRQHandler
                0x08002fa4                FPU_IRQHandler
                0x08002fa4                TIM1_UP_TIM16_IRQHandler
                0x08002fa4                ADC1_2_IRQHandler
                0x08002fa4                SPI1_IRQHandler
                0x08002fa4                TIM6_DAC_IRQHandler
                0x08002fa4                TIM8_UP_IRQHandler
                0x08002fa4                DMA2_Channel2_IRQHandler
                0x08002fa4                DMA1_Channel4_IRQHandler
                0x08002fa4                SAI2_IRQHandler
                0x08002fa4                DFSDM1_FLT3_IRQHandler
                0x08002fa4                USART3_IRQHandler
                0x08002fa4                DMA1_Channel7_IRQHandler
                0x08002fa4                CAN1_RX1_IRQHandler
                0x08002fa4                LCD_IRQHandler
                0x08002fa4                UART5_IRQHandler
                0x08002fa4                ADC3_IRQHandler
                0x08002fa4                TIM4_IRQHandler
                0x08002fa4                DMA2_Channel1_IRQHandler
                0x08002fa4                QUADSPI_IRQHandler
                0x08002fa4                I2C1_EV_IRQHandler
                0x08002fa4                DMA1_Channel6_IRQHandler
                0x08002fa4                UART4_IRQHandler
                0x08002fa4                DMA2_Channel4_IRQHandler
                0x08002fa4                TIM3_IRQHandler
                0x08002fa4                RCC_IRQHandler
                0x08002fa4                DMA1_Channel1_IRQHandler
                0x08002fa4                Default_Handler
                0x08002fa4                DMA2_Channel7_IRQHandler
                0x08002fa4                EXTI15_10_IRQHandler
                0x08002fa4                TIM7_IRQHandler
                0x08002fa4                SDMMC1_IRQHandler
                0x08002fa4                TIM5_IRQHandler
                0x08002fa4                I2C3_EV_IRQHandler
                0x08002fa4                EXTI9_5_IRQHandler
                0x08002fa4                RTC_WKUP_IRQHandler
                0x08002fa4                PVD_PVM_IRQHandler
                0x08002fa4                SPI2_IRQHandler
                0x08002fa4                CAN1_TX_IRQHandler
                0x08002fa4                DMA2_Channel5_IRQHandler
                0x08002fa4                DMA1_Channel5_IRQHandler
                0x08002fa4                EXTI4_IRQHandler
                0x08002fa4                RNG_IRQHandler
                0x08002fa4                TIM1_TRG_COM_TIM17_IRQHandler
                0x08002fa4                DMA1_Channel3_IRQHandler
                0x08002fa4                COMP_IRQHandler
                0x08002fa4                WWDG_IRQHandler
                0x08002fa4                LPUART1_IRQHandler
                0x08002fa4                DMA2_Channel6_IRQHandler
                0x08002fa4                TIM2_IRQHandler
                0x08002fa4                EXTI1_IRQHandler
                0x08002fa4                USART2_IRQHandler
                0x08002fa4                DFSDM1_FLT0_IRQHandler
                0x08002fa4                I2C2_ER_IRQHandler
                0x08002fa4                DMA1_Channel2_IRQHandler
                0x08002fa4                TIM8_BRK_IRQHandler
                0x08002fa4                CAN1_SCE_IRQHandler
                0x08002fa4                FLASH_IRQHandler
                0x08002fa4                USART1_IRQHandler
                0x08002fa4                OTG_FS_IRQHandler
                0x08002fa4                SPI3_IRQHandler
                0x08002fa4                I2C1_ER_IRQHandler
                0x08002fa4                FMC_IRQHandler
                0x08002fa4                SWPMI1_IRQHandler
                0x08002fa4                LPTIM1_IRQHandler
                0x08002fa4                SAI1_IRQHandler
                0x08002fa4                DMA2_Channel3_IRQHandler
                0x08002fa4                TIM1_BRK_TIM15_IRQHandler
 *(.glue_7)
 .glue_7        0x08002fa6        0x0 linker stubs
 *(.glue_7t)
 .glue_7t       0x08002fa6        0x0 linker stubs
 *(.eh_frame)
 *fill*         0x08002fa6        0x2 
 .eh_frame      0x08002fa8        0x0 /home/michalmo/st/stm32cubeclt_1.16.0/GNU-tools-for-STM32/bin/../lib/gcc/arm-none-eabi/12.3.1/thumb/v7e-m+fp/hard/crtbegin.o
 *(.init)
 .init          0x08002fa8        0x4 /home/michalmo/st/stm32cubeclt_1.16.0/GNU-tools-for-STM32/bin/../lib/gcc/arm-none-eabi/12.3.1/thumb/v7e-m+fp/hard/crti.o
                0x08002fa8                _init
 .init          0x08002fac        0x8 /home/michalmo/st/stm32cubeclt_1.16.0/GNU-tools-for-STM32/bin/../lib/gcc/arm-none-eabi/12.3.1/thumb/v7e-m+fp/hard/crtn.o
 *(.fini)
 .fini          0x08002fb4        0x4 /home/michalmo/st/stm32cubeclt_1.16.0/GNU-tools-for-STM32/bin/../lib/gcc/arm-none-eabi/12.3.1/thumb/v7e-m+fp/hard/crti.o
                0x08002fb4                _fini
 .fini          0x08002fb8        0x8 /home/michalmo/st/stm32cubeclt_1.16.0/GNU-tools-for-STM32/bin/../lib/gcc/arm-none-eabi/12.3.1/thumb/v7e-m+fp/hard/crtn.o
                0x08002fc0                        . = ALIGN (0x8)
                0x08002fc0                        _etext = .

.vfp11_veneer   0x08002fc0        0x0
 .vfp11_veneer  0x08002fc0        0x0 linker stubs

.v4_bx          0x08002fc0        0x0
 .v4_bx         0x08002fc0        0x0 linker stubs

.iplt           0x08002fc0        0x0
 .iplt          0x08002fc0        0x0 /home/michalmo/st/stm32cubeclt_1.16.0/GNU-tools-for-STM32/bin/../lib/gcc/arm-none-eabi/12.3.1/thumb/v7e-m+fp/hard/crtbegin.o

.rodata         0x08002fc0       0x48
                0x08002fc0                        . = ALIGN (0x8)
 *(.rodata)
 *(.rodata*)
 .rodata.AHBPrescTable
                0x08002fc0       0x10 CMakeFiles/aosyw_eval.dir/Core/Src/system_stm32l4xx.c.obj
                0x08002fc0                AHBPrescTable
 .rodata.APBPrescTable
                0x08002fd0        0x8 CMakeFiles/aosyw_eval.dir/Core/Src/system_stm32l4xx.c.obj
                0x08002fd0                APBPrescTable
 .rodata.MSIRangeTable
                0x08002fd8       0x30 CMakeFiles/aosyw_eval.dir/Core/Src/system_stm32l4xx.c.obj
                0x08002fd8                MSIRangeTable
                0x08003008                        . = ALIGN (0x8)

.ARM.extab      0x08003008        0x0
                0x08003008                        . = ALIGN (0x8)
 *(.ARM.extab* .gnu.linkonce.armextab.*)
                0x08003008                        . = ALIGN (0x8)

.ARM            0x08003008        0x8
                0x08003008                        . = ALIGN (0x8)
                0x08003008                        __exidx_start = .
 *(.ARM.exidx*)
 .ARM.exidx     0x08003008        0x8 /home/michalmo/st/stm32cubeclt_1.16.0/GNU-tools-for-STM32/bin/../lib/gcc/arm-none-eabi/12.3.1/thumb/v7e-m+fp/hard/libgcc.a(_udivmoddi4.o)
                0x08003010                        __exidx_end = .
                0x08003010                        . = ALIGN (0x8)

.rel.dyn        0x08003010        0x0
 .rel.iplt      0x08003010        0x0 /home/michalmo/st/stm32cubeclt_1.16.0/GNU-tools-for-STM32/bin/../lib/gcc/arm-none-eabi/12.3.1/thumb/v7e-m+fp/hard/crtbegin.o

.preinit_array  0x08003010        0x0
                0x08003010                        . = ALIGN (0x8)
                0x08003010                        PROVIDE (__preinit_array_start = .)
 *(.preinit_array*)
                0x08003010                        PROVIDE (__preinit_array_end = .)
                0x08003010                        . = ALIGN (0x8)

.init_array     0x08003010        0x8
                0x08003010                        . = ALIGN (0x8)
                0x08003010                        PROVIDE (__init_array_start = .)
 *(SORT_BY_NAME(.init_array.*))
 *(.init_array*)
 .init_array    0x08003010        0x4 /home/michalmo/st/stm32cubeclt_1.16.0/GNU-tools-for-STM32/bin/../lib/gcc/arm-none-eabi/12.3.1/thumb/v7e-m+fp/hard/crtbegin.o
                0x08003014                        PROVIDE (__init_array_end = .)
                0x08003018                        . = ALIGN (0x8)
 *fill*         0x08003014        0x4 

.fini_array     0x08003018        0x8
                0x08003018                        . = ALIGN (0x8)
                [!provide]                        PROVIDE (__fini_array_start = .)
 *(SORT_BY_NAME(.fini_array.*))
 *(.fini_array*)
 .fini_array    0x08003018        0x4 /home/michalmo/st/stm32cubeclt_1.16.0/GNU-tools-for-STM32/bin/../lib/gcc/arm-none-eabi/12.3.1/thumb/v7e-m+fp/hard/crtbegin.o
                [!provide]                        PROVIDE (__fini_array_end = .)
                0x08003020                        . = ALIGN (0x8)
 *fill*         0x0800301c        0x4 
                0x08003020                        _sidata = LOADADDR (.data)

.data           0x20000000       0x10 load address 0x08003020
                0x20000000                        . = ALIGN (0x8)
                0x20000000                        _sdata = .
 *(.data)
 *(.data*)
 .data.uwTickPrio
                0x20000000        0x4 CMakeFiles/aosyw_eval.dir/Drivers/STM32L4xx_HAL_Driver/Src/stm32l4xx_hal.c.obj
                0x20000000                uwTickPrio
 .data.uwTickFreq
                0x20000004        0x1 CMakeFiles/aosyw_eval.dir/Drivers/STM32L4xx_HAL_Driver/Src/stm32l4xx_hal.c.obj
                0x20000004                uwTickFreq
 *fill*         0x20000005        0x3 
 .data.SystemCoreClock
                0x20000008        0x4 CMakeFiles/aosyw_eval.dir/Core/Src/system_stm32l4xx.c.obj
                0x20000008                SystemCoreClock
                0x20000010                        . = ALIGN (0x8)
 *fill*         0x2000000c        0x4 
                0x20000010                        _edata = .

.igot.plt       0x20000010        0x0 load address 0x08003030
 .igot.plt      0x20000010        0x0 /home/michalmo/st/stm32cubeclt_1.16.0/GNU-tools-for-STM32/bin/../lib/gcc/arm-none-eabi/12.3.1/thumb/v7e-m+fp/hard/crtbegin.o
                0x20000010                        . = ALIGN (0x4)

.bss            0x20000010       0xa8 load address 0x08003030
                0x20000010                        _sbss = .
                0x20000010                        __bss_start__ = _sbss
 *(.bss)
 .bss           0x20000010       0x1c /home/michalmo/st/stm32cubeclt_1.16.0/GNU-tools-for-STM32/bin/../lib/gcc/arm-none-eabi/12.3.1/thumb/v7e-m+fp/hard/crtbegin.o
 *(.bss*)
 .bss.huart2    0x2000002c       0x88 CMakeFiles/aosyw_eval.dir/Core/Src/main.c.obj
                0x2000002c                huart2
 .bss.uwTick    0x200000b4        0x4 CMakeFiles/aosyw_eval.dir/Drivers/STM32L4xx_HAL_Driver/Src/stm32l4xx_hal.c.obj
                0x200000b4                uwTick
 *(COMMON)
                0x200000b8                        . = ALIGN (0x4)
                0x200000b8                        _ebss = .
                0x200000b8                        __bss_end__ = _ebss

._user_heap_stack
                0x200000b8      0x600 load address 0x08003030
                0x200000b8                        . = ALIGN (0x8)
                [!provide]                        PROVIDE (end = .)
                0x200000b8                        PROVIDE (_end = .)
                0x200002b8                        . = (. + _Min_Heap_Size)
 *fill*         0x200000b8      0x200 
                0x200006b8                        . = (. + _Min_Stack_Size)
 *fill*         0x200002b8      0x400 
                0x200006b8                        . = ALIGN (0x8)

/DISCARD/
 libc.a(*)
 libm.a(*)
 libgcc.a(*)

.ARM.attributes
                0x00000000       0x30
 *(.ARM.attributes)
 .ARM.attributes
                0x00000000       0x22 /home/michalmo/st/stm32cubeclt_1.16.0/GNU-tools-for-STM32/bin/../lib/gcc/arm-none-eabi/12.3.1/thumb/v7e-m+fp/hard/crti.o
 .ARM.attributes
                0x00000022       0x34 /home/michalmo/st/stm32cubeclt_1.16.0/GNU-tools-for-STM32/bin/../lib/gcc/arm-none-eabi/12.3.1/thumb/v7e-m+fp/hard/crtbegin.o
 .ARM.attributes
                0x00000056       0x34 /home/michalmo/st/stm32cubeclt_1.16.0/GNU-tools-for-STM32/bin/../lib/gcc/arm-none-eabi/12.3.1/../../../../arm-none-eabi/lib/thumb/v7e-m+fp/hard/libc_nano.a(libc_a-memset.o)
 .ARM.attributes
                0x0000008a       0x34 /home/michalmo/st/stm32cubeclt_1.16.0/GNU-tools-for-STM32/bin/../lib/gcc/arm-none-eabi/12.3.1/../../../../arm-none-eabi/lib/thumb/v7e-m+fp/hard/libc_nano.a(libc_a-init.o)
 .ARM.attributes
                0x000000be       0x34 CMakeFiles/aosyw_eval.dir/Core/Src/main.c.obj
 .ARM.attributes
                0x000000f2       0x34 CMakeFiles/aosyw_eval.dir/Core/Src/stm32l4xx_it.c.obj
 .ARM.attributes
                0x00000126       0x34 CMakeFiles/aosyw_eval.dir/Core/Src/stm32l4xx_hal_msp.c.obj
 .ARM.attributes
                0x0000015a       0x34 CMakeFiles/aosyw_eval.dir/Drivers/STM32L4xx_HAL_Driver/Src/stm32l4xx_hal_uart.c.obj
 .ARM.attributes
                0x0000018e       0x34 CMakeFiles/aosyw_eval.dir/Drivers/STM32L4xx_HAL_Driver/Src/stm32l4xx_hal.c.obj
 .ARM.attributes
                0x000001c2       0x34 CMakeFiles/aosyw_eval.dir/Drivers/STM32L4xx_HAL_Driver/Src/stm32l4xx_hal_rcc.c.obj
 .ARM.attributes
                0x000001f6       0x34 CMakeFiles/aosyw_eval.dir/Drivers/STM32L4xx_HAL_Driver/Src/stm32l4xx_hal_rcc_ex.c.obj
 .ARM.attributes
                0x0000022a       0x34 CMakeFiles/aosyw_eval.dir/Drivers/STM32L4xx_HAL_Driver/Src/stm32l4xx_hal_gpio.c.obj
 .ARM.attributes
                0x0000025e       0x34 CMakeFiles/aosyw_eval.dir/Drivers/STM32L4xx_HAL_Driver/Src/stm32l4xx_hal_pwr_ex.c.obj
 .ARM.attributes
                0x00000292       0x34 CMakeFiles/aosyw_eval.dir/Drivers/STM32L4xx_HAL_Driver/Src/stm32l4xx_hal_cortex.c.obj
 .ARM.attributes
                0x000002c6       0x34 CMakeFiles/aosyw_eval.dir/Core/Src/system_stm32l4xx.c.obj
 .ARM.attributes
                0x000002fa       0x21 CMakeFiles/aosyw_eval.dir/startup_stm32l476xx.s.obj
 .ARM.attributes
                0x0000031b       0x22 /home/michalmo/st/stm32cubeclt_1.16.0/GNU-tools-for-STM32/bin/../lib/gcc/arm-none-eabi/12.3.1/thumb/v7e-m+fp/hard/libgcc.a(_aeabi_uldivmod.o)
 .ARM.attributes
                0x0000033d       0x34 /home/michalmo/st/stm32cubeclt_1.16.0/GNU-tools-for-STM32/bin/../lib/gcc/arm-none-eabi/12.3.1/thumb/v7e-m+fp/hard/libgcc.a(_udivmoddi4.o)
 .ARM.attributes
                0x00000371       0x22 /home/michalmo/st/stm32cubeclt_1.16.0/GNU-tools-for-STM32/bin/../lib/gcc/arm-none-eabi/12.3.1/thumb/v7e-m+fp/hard/libgcc.a(_dvmd_tls.o)
 .ARM.attributes
                0x00000393       0x22 /home/michalmo/st/stm32cubeclt_1.16.0/GNU-tools-for-STM32/bin/../lib/gcc/arm-none-eabi/12.3.1/thumb/v7e-m+fp/hard/crtn.o
OUTPUT(aosyw_eval.elf elf32-littlearm)
LOAD linker stubs
LOAD /home/michalmo/st/stm32cubeclt_1.16.0/GNU-tools-for-STM32/bin/../lib/gcc/arm-none-eabi/12.3.1/../../../../arm-none-eabi/lib/thumb/v7e-m+fp/hard/libc.a
LOAD /home/michalmo/st/stm32cubeclt_1.16.0/GNU-tools-for-STM32/bin/../lib/gcc/arm-none-eabi/12.3.1/../../../../arm-none-eabi/lib/thumb/v7e-m+fp/hard/libm.a
LOAD /home/michalmo/st/stm32cubeclt_1.16.0/GNU-tools-for-STM32/bin/../lib/gcc/arm-none-eabi/12.3.1/thumb/v7e-m+fp/hard/libgcc.a

.debug_frame    0x00000000     0x2290
 .debug_frame   0x00000000       0x20 /home/michalmo/st/stm32cubeclt_1.16.0/GNU-tools-for-STM32/bin/../lib/gcc/arm-none-eabi/12.3.1/../../../../arm-none-eabi/lib/thumb/v7e-m+fp/hard/libc_nano.a(libc_a-memset.o)
 .debug_frame   0x00000020       0x2c /home/michalmo/st/stm32cubeclt_1.16.0/GNU-tools-for-STM32/bin/../lib/gcc/arm-none-eabi/12.3.1/../../../../arm-none-eabi/lib/thumb/v7e-m+fp/hard/libc_nano.a(libc_a-init.o)
 .debug_frame   0x0000004c       0xa8 CMakeFiles/aosyw_eval.dir/Core/Src/main.c.obj
 .debug_frame   0x000000f4      0x104 CMakeFiles/aosyw_eval.dir/Core/Src/stm32l4xx_it.c.obj
 .debug_frame   0x000001f8       0x84 CMakeFiles/aosyw_eval.dir/Core/Src/stm32l4xx_hal_msp.c.obj
 .debug_frame   0x0000027c      0x9f4 CMakeFiles/aosyw_eval.dir/Drivers/STM32L4xx_HAL_Driver/Src/stm32l4xx_hal_uart.c.obj
 .debug_frame   0x00000c70      0x498 CMakeFiles/aosyw_eval.dir/Drivers/STM32L4xx_HAL_Driver/Src/stm32l4xx_hal.c.obj
 .debug_frame   0x00001108      0x21c CMakeFiles/aosyw_eval.dir/Drivers/STM32L4xx_HAL_Driver/Src/stm32l4xx_hal_rcc.c.obj
 .debug_frame   0x00001324      0x2fc CMakeFiles/aosyw_eval.dir/Drivers/STM32L4xx_HAL_Driver/Src/stm32l4xx_hal_rcc_ex.c.obj
 .debug_frame   0x00001620      0x14c CMakeFiles/aosyw_eval.dir/Drivers/STM32L4xx_HAL_Driver/Src/stm32l4xx_hal_gpio.c.obj
 .debug_frame   0x0000176c      0x584 CMakeFiles/aosyw_eval.dir/Drivers/STM32L4xx_HAL_Driver/Src/stm32l4xx_hal_pwr_ex.c.obj
 .debug_frame   0x00001cf0      0x4e8 CMakeFiles/aosyw_eval.dir/Drivers/STM32L4xx_HAL_Driver/Src/stm32l4xx_hal_cortex.c.obj
 .debug_frame   0x000021d8       0x58 CMakeFiles/aosyw_eval.dir/Core/Src/system_stm32l4xx.c.obj
 .debug_frame   0x00002230       0x2c /home/michalmo/st/stm32cubeclt_1.16.0/GNU-tools-for-STM32/bin/../lib/gcc/arm-none-eabi/12.3.1/thumb/v7e-m+fp/hard/libgcc.a(_aeabi_uldivmod.o)
 .debug_frame   0x0000225c       0x34 /home/michalmo/st/stm32cubeclt_1.16.0/GNU-tools-for-STM32/bin/../lib/gcc/arm-none-eabi/12.3.1/thumb/v7e-m+fp/hard/libgcc.a(_udivmoddi4.o)

.debug_info     0x00000000     0xa15a
 .debug_info    0x00000000      0xd38 CMakeFiles/aosyw_eval.dir/Core/Src/main.c.obj
 .debug_info    0x00000d38      0x113 CMakeFiles/aosyw_eval.dir/Core/Src/stm32l4xx_it.c.obj
 .debug_info    0x00000e4b      0xd21 CMakeFiles/aosyw_eval.dir/Core/Src/stm32l4xx_hal_msp.c.obj
 .debug_info    0x00001b6c     0x3b69 CMakeFiles/aosyw_eval.dir/Drivers/STM32L4xx_HAL_Driver/Src/stm32l4xx_hal_uart.c.obj
 .debug_info    0x000056d5      0xc09 CMakeFiles/aosyw_eval.dir/Drivers/STM32L4xx_HAL_Driver/Src/stm32l4xx_hal.c.obj
 .debug_info    0x000062de      0xc14 CMakeFiles/aosyw_eval.dir/Drivers/STM32L4xx_HAL_Driver/Src/stm32l4xx_hal_rcc.c.obj
 .debug_info    0x00006ef2      0xe11 CMakeFiles/aosyw_eval.dir/Drivers/STM32L4xx_HAL_Driver/Src/stm32l4xx_hal_rcc_ex.c.obj
 .debug_info    0x00007d03      0x757 CMakeFiles/aosyw_eval.dir/Drivers/STM32L4xx_HAL_Driver/Src/stm32l4xx_hal_gpio.c.obj
 .debug_info    0x0000845a      0x99e CMakeFiles/aosyw_eval.dir/Drivers/STM32L4xx_HAL_Driver/Src/stm32l4xx_hal_pwr_ex.c.obj
 .debug_info    0x00008df8      0xd81 CMakeFiles/aosyw_eval.dir/Drivers/STM32L4xx_HAL_Driver/Src/stm32l4xx_hal_cortex.c.obj
 .debug_info    0x00009b79      0x5b1 CMakeFiles/aosyw_eval.dir/Core/Src/system_stm32l4xx.c.obj
 .debug_info    0x0000a12a       0x30 CMakeFiles/aosyw_eval.dir/startup_stm32l476xx.s.obj

.debug_abbrev   0x00000000     0x172b
 .debug_abbrev  0x00000000      0x244 CMakeFiles/aosyw_eval.dir/Core/Src/main.c.obj
 .debug_abbrev  0x00000244       0x73 CMakeFiles/aosyw_eval.dir/Core/Src/stm32l4xx_it.c.obj
 .debug_abbrev  0x000002b7      0x1d2 CMakeFiles/aosyw_eval.dir/Core/Src/stm32l4xx_hal_msp.c.obj
 .debug_abbrev  0x00000489      0x2d0 CMakeFiles/aosyw_eval.dir/Drivers/STM32L4xx_HAL_Driver/Src/stm32l4xx_hal_uart.c.obj
 .debug_abbrev  0x00000759      0x243 CMakeFiles/aosyw_eval.dir/Drivers/STM32L4xx_HAL_Driver/Src/stm32l4xx_hal.c.obj
 .debug_abbrev  0x0000099c      0x2cb CMakeFiles/aosyw_eval.dir/Drivers/STM32L4xx_HAL_Driver/Src/stm32l4xx_hal_rcc.c.obj
 .debug_abbrev  0x00000c67      0x2a6 CMakeFiles/aosyw_eval.dir/Drivers/STM32L4xx_HAL_Driver/Src/stm32l4xx_hal_rcc_ex.c.obj
 .debug_abbrev  0x00000f0d      0x1cb CMakeFiles/aosyw_eval.dir/Drivers/STM32L4xx_HAL_Driver/Src/stm32l4xx_hal_gpio.c.obj
 .debug_abbrev  0x000010d8      0x1f9 CMakeFiles/aosyw_eval.dir/Drivers/STM32L4xx_HAL_Driver/Src/stm32l4xx_hal_pwr_ex.c.obj
 .debug_abbrev  0x000012d1      0x31c CMakeFiles/aosyw_eval.dir/Drivers/STM32L4xx_HAL_Driver/Src/stm32l4xx_hal_cortex.c.obj
 .debug_abbrev  0x000015ed      0x11a CMakeFiles/aosyw_eval.dir/Core/Src/system_stm32l4xx.c.obj
 .debug_abbrev  0x00001707       0x24 CMakeFiles/aosyw_eval.dir/startup_stm32l476xx.s.obj

.debug_aranges  0x00000000      0x8a8
 .debug_aranges
                0x00000000       0x40 CMakeFiles/aosyw_eval.dir/Core/Src/main.c.obj
 .debug_aranges
                0x00000040       0x60 CMakeFiles/aosyw_eval.dir/Core/Src/stm32l4xx_it.c.obj
 .debug_aranges
                0x000000a0       0x30 CMakeFiles/aosyw_eval.dir/Core/Src/stm32l4xx_hal_msp.c.obj
 .debug_aranges
                0x000000d0      0x228 CMakeFiles/aosyw_eval.dir/Drivers/STM32L4xx_HAL_Driver/Src/stm32l4xx_hal_uart.c.obj
 .debug_aranges
                0x000002f8      0x130 CMakeFiles/aosyw_eval.dir/Drivers/STM32L4xx_HAL_Driver/Src/stm32l4xx_hal.c.obj
 .debug_aranges
                0x00000428       0x90 CMakeFiles/aosyw_eval.dir/Drivers/STM32L4xx_HAL_Driver/Src/stm32l4xx_hal_rcc.c.obj
 .debug_aranges
                0x000004b8       0xc0 CMakeFiles/aosyw_eval.dir/Drivers/STM32L4xx_HAL_Driver/Src/stm32l4xx_hal_rcc_ex.c.obj
 .debug_aranges
                0x00000578       0x58 CMakeFiles/aosyw_eval.dir/Drivers/STM32L4xx_HAL_Driver/Src/stm32l4xx_hal_gpio.c.obj
 .debug_aranges
                0x000005d0      0x160 CMakeFiles/aosyw_eval.dir/Drivers/STM32L4xx_HAL_Driver/Src/stm32l4xx_hal_pwr_ex.c.obj
 .debug_aranges
                0x00000730      0x128 CMakeFiles/aosyw_eval.dir/Drivers/STM32L4xx_HAL_Driver/Src/stm32l4xx_hal_cortex.c.obj
 .debug_aranges
                0x00000858       0x28 CMakeFiles/aosyw_eval.dir/Core/Src/system_stm32l4xx.c.obj
 .debug_aranges
                0x00000880       0x28 CMakeFiles/aosyw_eval.dir/startup_stm32l476xx.s.obj

.debug_rnglists
                0x00000000      0x6a1
 .debug_rnglists
                0x00000000       0x2d CMakeFiles/aosyw_eval.dir/Core/Src/main.c.obj
 .debug_rnglists
                0x0000002d       0x43 CMakeFiles/aosyw_eval.dir/Core/Src/stm32l4xx_it.c.obj
 .debug_rnglists
                0x00000070       0x20 CMakeFiles/aosyw_eval.dir/Core/Src/stm32l4xx_hal_msp.c.obj
 .debug_rnglists
                0x00000090      0x1db CMakeFiles/aosyw_eval.dir/Drivers/STM32L4xx_HAL_Driver/Src/stm32l4xx_hal_uart.c.obj
 .debug_rnglists
                0x0000026b       0xdf CMakeFiles/aosyw_eval.dir/Drivers/STM32L4xx_HAL_Driver/Src/stm32l4xx_hal.c.obj
 .debug_rnglists
                0x0000034a       0x6d CMakeFiles/aosyw_eval.dir/Drivers/STM32L4xx_HAL_Driver/Src/stm32l4xx_hal_rcc.c.obj
 .debug_rnglists
                0x000003b7       0x95 CMakeFiles/aosyw_eval.dir/Drivers/STM32L4xx_HAL_Driver/Src/stm32l4xx_hal_rcc_ex.c.obj
 .debug_rnglists
                0x0000044c       0x3f CMakeFiles/aosyw_eval.dir/Drivers/STM32L4xx_HAL_Driver/Src/stm32l4xx_hal_gpio.c.obj
 .debug_rnglists
                0x0000048b      0x109 CMakeFiles/aosyw_eval.dir/Drivers/STM32L4xx_HAL_Driver/Src/stm32l4xx_hal_pwr_ex.c.obj
 .debug_rnglists
                0x00000594       0xda CMakeFiles/aosyw_eval.dir/Drivers/STM32L4xx_HAL_Driver/Src/stm32l4xx_hal_cortex.c.obj
 .debug_rnglists
                0x0000066e       0x1a CMakeFiles/aosyw_eval.dir/Core/Src/system_stm32l4xx.c.obj
 .debug_rnglists
                0x00000688       0x19 CMakeFiles/aosyw_eval.dir/startup_stm32l476xx.s.obj

.debug_macro    0x00000000    0x24c4d
 .debug_macro   0x00000000      0x1bb CMakeFiles/aosyw_eval.dir/Core/Src/main.c.obj
 .debug_macro   0x000001bb      0xab4 CMakeFiles/aosyw_eval.dir/Core/Src/main.c.obj
 .debug_macro   0x00000c6f      0x1a1 CMakeFiles/aosyw_eval.dir/Core/Src/main.c.obj
 .debug_macro   0x00000e10       0x2e CMakeFiles/aosyw_eval.dir/Core/Src/main.c.obj
 .debug_macro   0x00000e3e       0x28 CMakeFiles/aosyw_eval.dir/Core/Src/main.c.obj
 .debug_macro   0x00000e66       0x22 CMakeFiles/aosyw_eval.dir/Core/Src/main.c.obj
 .debug_macro   0x00000e88       0x8e CMakeFiles/aosyw_eval.dir/Core/Src/main.c.obj
 .debug_macro   0x00000f16       0x51 CMakeFiles/aosyw_eval.dir/Core/Src/main.c.obj
 .debug_macro   0x00000f67      0x103 CMakeFiles/aosyw_eval.dir/Core/Src/main.c.obj
 .debug_macro   0x0000106a       0x6a CMakeFiles/aosyw_eval.dir/Core/Src/main.c.obj
 .debug_macro   0x000010d4      0x1df CMakeFiles/aosyw_eval.dir/Core/Src/main.c.obj
 .debug_macro   0x000012b3       0x1c CMakeFiles/aosyw_eval.dir/Core/Src/main.c.obj
 .debug_macro   0x000012cf       0x22 CMakeFiles/aosyw_eval.dir/Core/Src/main.c.obj
 .debug_macro   0x000012f1       0xfb CMakeFiles/aosyw_eval.dir/Core/Src/main.c.obj
 .debug_macro   0x000013ec     0x1011 CMakeFiles/aosyw_eval.dir/Core/Src/main.c.obj
 .debug_macro   0x000023fd      0x11f CMakeFiles/aosyw_eval.dir/Core/Src/main.c.obj
 .debug_macro   0x0000251c    0x1a17a CMakeFiles/aosyw_eval.dir/Core/Src/main.c.obj
 .debug_macro   0x0001c696       0x6d CMakeFiles/aosyw_eval.dir/Core/Src/main.c.obj
 .debug_macro   0x0001c703     0x38fb CMakeFiles/aosyw_eval.dir/Core/Src/main.c.obj
 .debug_macro   0x0001fffe      0x189 CMakeFiles/aosyw_eval.dir/Core/Src/main.c.obj
 .debug_macro   0x00020187       0x5c CMakeFiles/aosyw_eval.dir/Core/Src/main.c.obj
 .debug_macro   0x000201e3     0x159e CMakeFiles/aosyw_eval.dir/Core/Src/main.c.obj
 .debug_macro   0x00021781      0x5a5 CMakeFiles/aosyw_eval.dir/Core/Src/main.c.obj
 .debug_macro   0x00021d26      0x1b9 CMakeFiles/aosyw_eval.dir/Core/Src/main.c.obj
 .debug_macro   0x00021edf      0x18b CMakeFiles/aosyw_eval.dir/Core/Src/main.c.obj
 .debug_macro   0x0002206a      0x26b CMakeFiles/aosyw_eval.dir/Core/Src/main.c.obj
 .debug_macro   0x000222d5      0x23d CMakeFiles/aosyw_eval.dir/Core/Src/main.c.obj
 .debug_macro   0x00022512      0x241 CMakeFiles/aosyw_eval.dir/Core/Src/main.c.obj
 .debug_macro   0x00022753      0x37c CMakeFiles/aosyw_eval.dir/Core/Src/main.c.obj
 .debug_macro   0x00022acf       0xd6 CMakeFiles/aosyw_eval.dir/Core/Src/main.c.obj
 .debug_macro   0x00022ba5      0x122 CMakeFiles/aosyw_eval.dir/Core/Src/main.c.obj
 .debug_macro   0x00022cc7      0x3ef CMakeFiles/aosyw_eval.dir/Core/Src/main.c.obj
 .debug_macro   0x000230b6      0x5cf CMakeFiles/aosyw_eval.dir/Core/Src/main.c.obj
 .debug_macro   0x00023685       0x44 CMakeFiles/aosyw_eval.dir/Core/Src/main.c.obj
 .debug_macro   0x000236c9      0x330 CMakeFiles/aosyw_eval.dir/Core/Src/main.c.obj
 .debug_macro   0x000239f9       0x58 CMakeFiles/aosyw_eval.dir/Core/Src/main.c.obj
 .debug_macro   0x00023a51      0x1c5 CMakeFiles/aosyw_eval.dir/Core/Src/stm32l4xx_it.c.obj
 .debug_macro   0x00023c16      0x1bb CMakeFiles/aosyw_eval.dir/Core/Src/stm32l4xx_hal_msp.c.obj
 .debug_macro   0x00023dd1      0x1d7 CMakeFiles/aosyw_eval.dir/Drivers/STM32L4xx_HAL_Driver/Src/stm32l4xx_hal_uart.c.obj
 .debug_macro   0x00023fa8      0x1fa CMakeFiles/aosyw_eval.dir/Drivers/STM32L4xx_HAL_Driver/Src/stm32l4xx_hal.c.obj
 .debug_macro   0x000241a2      0x1ee CMakeFiles/aosyw_eval.dir/Drivers/STM32L4xx_HAL_Driver/Src/stm32l4xx_hal_rcc.c.obj
 .debug_macro   0x00024390      0x1e2 CMakeFiles/aosyw_eval.dir/Drivers/STM32L4xx_HAL_Driver/Src/stm32l4xx_hal_rcc_ex.c.obj
 .debug_macro   0x00024572      0x1b3 CMakeFiles/aosyw_eval.dir/Drivers/STM32L4xx_HAL_Driver/Src/stm32l4xx_hal_gpio.c.obj
 .debug_macro   0x00024725      0x1d0 CMakeFiles/aosyw_eval.dir/Drivers/STM32L4xx_HAL_Driver/Src/stm32l4xx_hal_pwr_ex.c.obj
 .debug_macro   0x000248f5      0x1ac CMakeFiles/aosyw_eval.dir/Drivers/STM32L4xx_HAL_Driver/Src/stm32l4xx_hal_cortex.c.obj
 .debug_macro   0x00024aa1      0x1ac CMakeFiles/aosyw_eval.dir/Core/Src/system_stm32l4xx.c.obj

.debug_line     0x00000000     0x9d69
 .debug_line    0x00000000      0x72f CMakeFiles/aosyw_eval.dir/Core/Src/main.c.obj
 .debug_line    0x0000072f      0x704 CMakeFiles/aosyw_eval.dir/Core/Src/stm32l4xx_it.c.obj
 .debug_line    0x00000e33      0x6a1 CMakeFiles/aosyw_eval.dir/Core/Src/stm32l4xx_hal_msp.c.obj
 .debug_line    0x000014d4     0x3149 CMakeFiles/aosyw_eval.dir/Drivers/STM32L4xx_HAL_Driver/Src/stm32l4xx_hal_uart.c.obj
 .debug_line    0x0000461d      0xa38 CMakeFiles/aosyw_eval.dir/Drivers/STM32L4xx_HAL_Driver/Src/stm32l4xx_hal.c.obj
 .debug_line    0x00005055      0xeb0 CMakeFiles/aosyw_eval.dir/Drivers/STM32L4xx_HAL_Driver/Src/stm32l4xx_hal_rcc.c.obj
 .debug_line    0x00005f05     0x1422 CMakeFiles/aosyw_eval.dir/Drivers/STM32L4xx_HAL_Driver/Src/stm32l4xx_hal_rcc_ex.c.obj
 .debug_line    0x00007327      0xac3 CMakeFiles/aosyw_eval.dir/Drivers/STM32L4xx_HAL_Driver/Src/stm32l4xx_hal_gpio.c.obj
 .debug_line    0x00007dea      0xc29 CMakeFiles/aosyw_eval.dir/Drivers/STM32L4xx_HAL_Driver/Src/stm32l4xx_hal_pwr_ex.c.obj
 .debug_line    0x00008a13      0xc00 CMakeFiles/aosyw_eval.dir/Drivers/STM32L4xx_HAL_Driver/Src/stm32l4xx_hal_cortex.c.obj
 .debug_line    0x00009613      0x6dc CMakeFiles/aosyw_eval.dir/Core/Src/system_stm32l4xx.c.obj
 .debug_line    0x00009cef       0x7a CMakeFiles/aosyw_eval.dir/startup_stm32l476xx.s.obj

.debug_str      0x00000000    0xe3d58
 .debug_str     0x00000000    0xe12b1 CMakeFiles/aosyw_eval.dir/Core/Src/main.c.obj
                              0xe159e (size before relaxing)
 .debug_str     0x000e12b1       0xe6 CMakeFiles/aosyw_eval.dir/Core/Src/stm32l4xx_it.c.obj
                              0xe0dd1 (size before relaxing)
 .debug_str     0x000e1397      0x2f7 CMakeFiles/aosyw_eval.dir/Core/Src/stm32l4xx_hal_msp.c.obj
                              0xe166f (size before relaxing)
 .debug_str     0x000e168e      0x989 CMakeFiles/aosyw_eval.dir/Drivers/STM32L4xx_HAL_Driver/Src/stm32l4xx_hal_uart.c.obj
                              0xe1b91 (size before relaxing)
 .debug_str     0x000e2017      0xb26 CMakeFiles/aosyw_eval.dir/Drivers/STM32L4xx_HAL_Driver/Src/stm32l4xx_hal.c.obj
                              0xe1a38 (size before relaxing)
 .debug_str     0x000e2b3d      0x3e9 CMakeFiles/aosyw_eval.dir/Drivers/STM32L4xx_HAL_Driver/Src/stm32l4xx_hal_rcc.c.obj
                              0xe147f (size before relaxing)
 .debug_str     0x000e2f26      0x423 CMakeFiles/aosyw_eval.dir/Drivers/STM32L4xx_HAL_Driver/Src/stm32l4xx_hal_rcc_ex.c.obj
                              0xe15f8 (size before relaxing)
 .debug_str     0x000e3349       0xf9 CMakeFiles/aosyw_eval.dir/Drivers/STM32L4xx_HAL_Driver/Src/stm32l4xx_hal_gpio.c.obj
                              0xe0fb2 (size before relaxing)
 .debug_str     0x000e3442      0x4ce CMakeFiles/aosyw_eval.dir/Drivers/STM32L4xx_HAL_Driver/Src/stm32l4xx_hal_pwr_ex.c.obj
                              0xe1394 (size before relaxing)
 .debug_str     0x000e3910      0x399 CMakeFiles/aosyw_eval.dir/Drivers/STM32L4xx_HAL_Driver/Src/stm32l4xx_hal_cortex.c.obj
                              0xe16b2 (size before relaxing)
 .debug_str     0x000e3ca9       0x5d CMakeFiles/aosyw_eval.dir/Core/Src/system_stm32l4xx.c.obj
                              0xe0e39 (size before relaxing)
 .debug_str     0x000e3d06       0x52 CMakeFiles/aosyw_eval.dir/startup_stm32l476xx.s.obj
                                 0x7e (size before relaxing)

.comment        0x00000000       0x43
 .comment       0x00000000       0x43 CMakeFiles/aosyw_eval.dir/Core/Src/main.c.obj
                                 0x44 (size before relaxing)
 .comment       0x00000043       0x44 CMakeFiles/aosyw_eval.dir/Core/Src/stm32l4xx_it.c.obj
 .comment       0x00000043       0x44 CMakeFiles/aosyw_eval.dir/Core/Src/stm32l4xx_hal_msp.c.obj
 .comment       0x00000043       0x44 CMakeFiles/aosyw_eval.dir/Drivers/STM32L4xx_HAL_Driver/Src/stm32l4xx_hal_uart.c.obj
 .comment       0x00000043       0x44 CMakeFiles/aosyw_eval.dir/Drivers/STM32L4xx_HAL_Driver/Src/stm32l4xx_hal.c.obj
 .comment       0x00000043       0x44 CMakeFiles/aosyw_eval.dir/Drivers/STM32L4xx_HAL_Driver/Src/stm32l4xx_hal_rcc.c.obj
 .comment       0x00000043       0x44 CMakeFiles/aosyw_eval.dir/Drivers/STM32L4xx_HAL_Driver/Src/stm32l4xx_hal_rcc_ex.c.obj
 .comment       0x00000043       0x44 CMakeFiles/aosyw_eval.dir/Drivers/STM32L4xx_HAL_Driver/Src/stm32l4xx_hal_gpio.c.obj
 .comment       0x00000043       0x44 CMakeFiles/aosyw_eval.dir/Drivers/STM32L4xx_HAL_Driver/Src/stm32l4xx_hal_pwr_ex.c.obj
 .comment       0x00000043       0x44 CMakeFiles/aosyw_eval.dir/Drivers/STM32L4xx_HAL_Driver/Src/stm32l4xx_hal_cortex.c.obj
 .comment       0x00000043       0x44 CMakeFiles/aosyw_eval.dir/Core/Src/system_stm32l4xx.c.obj

.debug_line_str
                0x00000000       0x62
 .debug_line_str
                0x00000000       0x62 CMakeFiles/aosyw_eval.dir/startup_stm32l476xx.s.obj
